******************************************************************************
                  TI ARM Linker PC v18.12.4                    
******************************************************************************
>> Linked Mon Apr  6 14:44:29 2020

OUTPUT FILE NAME:   <Alarm_clock.out>
ENTRY POINT SYMBOL: "_c_int00_noargs"  address: 00000e8d


MEMORY CONFIGURATION

         name            origin    length      used     unused   attr    fill
----------------------  --------  ---------  --------  --------  ----  --------
  MAIN                  00000000   00040000  00000f41  0003f0bf  R  X
  INFO                  00200000   00004000  00000000  00004000  R  X
  SRAM_CODE             01000000   00010000  00000249  0000fdb7  RW X
  SRAM_DATA             20000000   00010000  00000249  0000fdb7  RW  


SEGMENT ALLOCATION MAP

run origin  load origin   length   init length attrs members
----------  ----------- ---------- ----------- ----- -------
00000000    00000000    00000f48   00000f48    r-x
  00000000    00000000    000000e4   000000e4    r-- .intvecs
  000000e4    000000e4    00000e1c   00000e1c    r-x .text
  00000f00    00000f00    00000009   00000009    r-- .const
  00000f10    00000f10    00000038   00000038    r-- .cinit
20000000    20000000    0000004c   00000000    rw-
  20000000    20000000    00000041   00000000    rw- .bss
  20000044    20000044    00000008   00000000    rw- .data
2000fe00    2000fe00    00000200   00000000    rw-
  2000fe00    2000fe00    00000200   00000000    rw- .stack


SECTION ALLOCATION MAP

 output                                  attributes/
section   page    origin      length       input sections
--------  ----  ----------  ----------   ----------------
.intvecs   0    00000000    000000e4     
                  00000000    000000e4     startup_msp432p401r_ccs.obj (.intvecs:retain)

.text      0    000000e4    00000e1c     
                  000000e4    00000532     hd44780.obj (.text)
                  00000616    00000002     --HOLE-- [fill = 0]
                  00000618    00000334     system_msp432p401r.obj (.text)
                  0000094c    00000178     button.obj (.text)
                  00000ac4    000000d4     main.obj (.text)
                  00000b98    000000b8     led.obj (.text)
                  00000c50    000000a4     timer32_init.obj (.text)
                  00000cf4    0000009c     rtsv7M4_T_le_v4SPD16_eabi.lib : memcpy_t2.asm.obj (.text)
                  00000d90    00000068                                   : copy_decompress_lzss.c.obj (.text:decompress:lzss:__TI_decompress_lzss)
                  00000df8    0000004e     clock_logic.obj (.text)
                  00000e46    00000002     --HOLE-- [fill = 0]
                  00000e48    00000044     rtsv7M4_T_le_v4SPD16_eabi.lib : autoinit.c.obj (.text:__TI_auto_init_nobinit_nopinit:__TI_auto_init_nobinit_nopinit)
                  00000e8c    00000034                                   : boot_cortex_m.c.obj (.text:_c_int00_noargs:_c_int00_noargs)
                  00000ec0    0000001c                                   : copy_zero_init.c.obj (.text:decompress:ZI:__TI_zero_init_nomemset:__TI_zero_init_nomemset)
                  00000edc    0000000e                                   : copy_decompress_none.c.obj (.text:decompress:none:__TI_decompress_none)
                  00000eea    0000000e     startup_msp432p401r_ccs.obj (.text)
                  00000ef8    00000004     rtsv7M4_T_le_v4SPD16_eabi.lib : pre_init.c.obj (.text:_system_pre_init)
                  00000efc    00000004                                   : exit.c.obj (.text:abort:abort)

.const     0    00000f00    00000009     
                  00000f00    00000006     hd44780.obj (.const:.string:$P$T0$5)
                  00000f06    00000003     hd44780.obj (.const:.string:u8__row_start_address$4)

.cinit     0    00000f10    00000038     
                  00000f10    0000000d     (.cinit..data.load) [load image, compression = lzss]
                  00000f1d    00000003     --HOLE-- [fill = 0]
                  00000f20    0000000c     (__TI_handler_table)
                  00000f2c    00000004     --HOLE-- [fill = 0]
                  00000f30    00000008     (.cinit..bss.load) [load image, compression = zero_init]
                  00000f38    00000010     (__TI_cinit_table)

.init_array 
*          0    00000000    00000000     UNINITIALIZED

.binit     0    00000000    00000000     

.bss       0    20000000    00000041     UNINITIALIZED
                  20000000    00000040     hd44780.obj (.bss:u8__hd44780_data_buffer)
                  20000040    00000001     hd44780.obj (.bss)

.data      0    20000044    00000008     UNINITIALIZED
                  20000044    00000004     hd44780.obj (.data)
                  20000048    00000004     system_msp432p401r.obj (.data)

.stack     0    2000fe00    00000200     UNINITIALIZED
                  2000fe00    00000004     rtsv7M4_T_le_v4SPD16_eabi.lib : boot_cortex_m.c.obj (.stack)
                  2000fe04    000001fc     --HOLE--

MODULE SUMMARY

       Module                        code   ro data   rw data
       ------                        ----   -------   -------
    .\
       system_msp432p401r.obj        820    0         8      
       button.obj                    376    0         0      
       startup_msp432p401r_ccs.obj   14     228       0      
       main.obj                      212    0         0      
       led.obj                       184    0         0      
       timer32_init.obj              164    0         0      
       clock_logic.obj               78     0         0      
    +--+-----------------------------+------+---------+---------+
       Total:                        1848   228       8      
                                                             
    .\hd44780\
       hd44780.obj                   1330   9         138    
    +--+-----------------------------+------+---------+---------+
       Total:                        1330   9         138    
                                                             
    C:\Users\Brandon Chase\ccs\tools\compiler\ti-cgt-arm_18.12.4.LTS\lib\rtsv7M4_T_le_v4SPD16_eabi.lib
       memcpy_t2.asm.obj             156    0         0      
       copy_decompress_lzss.c.obj    104    0         0      
       autoinit.c.obj                68     0         0      
       boot_cortex_m.c.obj           52     0         0      
       copy_zero_init.c.obj          28     0         0      
       copy_decompress_none.c.obj    14     0         0      
       exit.c.obj                    4      0         0      
       pre_init.c.obj                4      0         0      
    +--+-----------------------------+------+---------+---------+
       Total:                        430    0         0      
                                                             
       Stack:                        0      0         1024   
       Linker Generated:             0      49        0      
    +--+-----------------------------+------+---------+---------+
       Grand Total:                  3608   286       1170   


LINKER GENERATED COPY TABLES

__TI_cinit_table @ 00000f38 records: 2, size/record: 8, table size: 16
	.data: load addr=00000f10, load size=0000000d bytes, run addr=20000044, run size=00000008 bytes, compression=lzss
	.bss: load addr=00000f30, load size=00000008 bytes, run addr=20000000, run size=00000041 bytes, compression=zero_init


LINKER GENERATED HANDLER TABLE

__TI_handler_table @ 00000f20 records: 3, size/record: 4, table size: 12
	index: 0, handler: __TI_decompress_lzss
	index: 1, handler: __TI_decompress_none
	index: 2, handler: __TI_zero_init


GLOBAL SYMBOLS: SORTED ALPHABETICALLY BY Name 

address   name                                    
-------   ----                                    
00000ef7  ADC14_IRQHandler                        
00000ef7  AES256_IRQHandler                       
00000ef7  BusFault_Handler                        
00000efd  C$$EXIT                                 
00000ef7  COMP_E0_IRQHandler                      
00000ef7  COMP_E1_IRQHandler                      
00000ef7  CS_IRQHandler                           
00000ef7  DMA_ERR_IRQHandler                      
00000ef7  DMA_INT0_IRQHandler                     
00000ef7  DMA_INT1_IRQHandler                     
00000ef7  DMA_INT2_IRQHandler                     
00000ef7  DMA_INT3_IRQHandler                     
00000ef7  DebugMon_Handler                        
00000ef7  Default_Handler                         
00000ef7  EUSCIA0_IRQHandler                      
00000ef7  EUSCIA1_IRQHandler                      
00000ef7  EUSCIA2_IRQHandler                      
00000ef7  EUSCIA3_IRQHandler                      
00000ef7  EUSCIB0_IRQHandler                      
00000ef7  EUSCIB1_IRQHandler                      
00000ef7  EUSCIB2_IRQHandler                      
00000ef7  EUSCIB3_IRQHandler                      
00000ef7  FLCTL_IRQHandler                        
00000ef7  FPU_IRQHandler                          
00000ef7  HardFault_Handler                       
00000ef7  MemManage_Handler                       
00000ef7  NMI_Handler                             
00000ef7  PCM_IRQHandler                          
00000ef7  PORT1_IRQHandler                        
00000ef7  PORT2_IRQHandler                        
00000ef7  PORT3_IRQHandler                        
00000ef7  PORT4_IRQHandler                        
00000b3f  PORT5_IRQHandler                        
00000b3f  PORT5_IRQHandler                        
00000ef7  PORT6_IRQHandler                        
00000ef7  PSS_IRQHandler                          
00000ef7  PendSV_Handler                          
00000ef7  RTC_C_IRQHandler                        
00000eeb  Reset_Handler                           
00000ef7  SVC_Handler                             
00000ef7  SysTick_Handler                         
20000048  SystemCoreClock                         
00000619  SystemCoreClockUpdate                   
00000891  SystemInit                              
00000b5d  T32_INT1_IRQHandler                     
00000b5d  T32_INT1_IRQHandler                     
00000ef7  T32_INT2_IRQHandler                     
00000ef7  T32_INTC_IRQHandler                     
00000ef7  TA0_0_IRQHandler                        
00000ef7  TA0_N_IRQHandler                        
00000b4b  TA1_0_IRQHandler                        
00000b4b  TA1_0_IRQHandler                        
00000ef7  TA1_N_IRQHandler                        
00000ef7  TA2_0_IRQHandler                        
00000ef7  TA2_N_IRQHandler                        
00000ef7  TA3_0_IRQHandler                        
00000ef7  TA3_N_IRQHandler                        
00000ef7  UsageFault_Handler                      
4000480c  WDTCTL_SYM                              
00000ef7  WDT_A_IRQHandler                        
20010000  __STACK_END                             
00000200  __STACK_SIZE                            
00000f38  __TI_CINIT_Base                         
00000f48  __TI_CINIT_Limit                        
00000f20  __TI_Handler_Table_Base                 
00000f2c  __TI_Handler_Table_Limit                
00000e49  __TI_auto_init_nobinit_nopinit          
00000d91  __TI_decompress_lzss                    
00000edd  __TI_decompress_none                    
ffffffff  __TI_pprof_out_hndl                     
ffffffff  __TI_prof_data_size                     
ffffffff  __TI_prof_data_start                    
00000000  __TI_static_base__                      
00000ec1  __TI_zero_init_nomemset                 
00000cf5  __aeabi_memcpy                          
00000cf5  __aeabi_memcpy4                         
00000cf5  __aeabi_memcpy8                         
ffffffff  __binit__                               
ffffffff  __c_args__                              
UNDEFED   __mpu_init                              
2000fe00  __stack                                 
00000e8d  _c_int00_noargs                         
UNDEFED   _system_post_cinit                      
00000ef9  _system_pre_init                        
00000efd  abort                                   
ffffffff  binit                                   
00000a79  button_read_one                         
00000a59  button_read_zero                        
00000df9  display_welcocom_screen                 
00000395  hd44780_blank_out_remaining_row         
0000030f  hd44780_clear_row                       
00000363  hd44780_clear_screen                    
0000041d  hd44780_output_adc_value_mv             
000004cd  hd44780_output_unsigned_16bit_value     
000000e5  hd44780_timer_isr                       
000003f5  hd44780_write_shared_shift_register_bits
00000261  hd44780_write_string                    
00000a47  init_button_interrupts                  
000009ff  init_button_one                         
000009b7  init_button_zero                        
00000cc3  initialize_timer32                      
00000000  interruptVectors                        
00000acd  lcd_init                                
00000b99  led_init                                
00000c15  led_off                                 
00000beb  led_on                                  
00000ac5  main                                    
00000cf5  memcpy                                  
00000e21  setup_initial_conditions                
00000b0b  system_init                             


GLOBAL SYMBOLS: SORTED BY Symbol Address 

address   name                                    
-------   ----                                    
00000000  __TI_static_base__                      
00000000  interruptVectors                        
000000e5  hd44780_timer_isr                       
00000200  __STACK_SIZE                            
00000261  hd44780_write_string                    
0000030f  hd44780_clear_row                       
00000363  hd44780_clear_screen                    
00000395  hd44780_blank_out_remaining_row         
000003f5  hd44780_write_shared_shift_register_bits
0000041d  hd44780_output_adc_value_mv             
000004cd  hd44780_output_unsigned_16bit_value     
00000619  SystemCoreClockUpdate                   
00000891  SystemInit                              
000009b7  init_button_zero                        
000009ff  init_button_one                         
00000a47  init_button_interrupts                  
00000a59  button_read_zero                        
00000a79  button_read_one                         
00000ac5  main                                    
00000acd  lcd_init                                
00000b0b  system_init                             
00000b3f  PORT5_IRQHandler                        
00000b3f  PORT5_IRQHandler                        
00000b4b  TA1_0_IRQHandler                        
00000b4b  TA1_0_IRQHandler                        
00000b5d  T32_INT1_IRQHandler                     
00000b5d  T32_INT1_IRQHandler                     
00000b99  led_init                                
00000beb  led_on                                  
00000c15  led_off                                 
00000cc3  initialize_timer32                      
00000cf5  __aeabi_memcpy                          
00000cf5  __aeabi_memcpy4                         
00000cf5  __aeabi_memcpy8                         
00000cf5  memcpy                                  
00000d91  __TI_decompress_lzss                    
00000df9  display_welcocom_screen                 
00000e21  setup_initial_conditions                
00000e49  __TI_auto_init_nobinit_nopinit          
00000e8d  _c_int00_noargs                         
00000ec1  __TI_zero_init_nomemset                 
00000edd  __TI_decompress_none                    
00000eeb  Reset_Handler                           
00000ef7  ADC14_IRQHandler                        
00000ef7  AES256_IRQHandler                       
00000ef7  BusFault_Handler                        
00000ef7  COMP_E0_IRQHandler                      
00000ef7  COMP_E1_IRQHandler                      
00000ef7  CS_IRQHandler                           
00000ef7  DMA_ERR_IRQHandler                      
00000ef7  DMA_INT0_IRQHandler                     
00000ef7  DMA_INT1_IRQHandler                     
00000ef7  DMA_INT2_IRQHandler                     
00000ef7  DMA_INT3_IRQHandler                     
00000ef7  DebugMon_Handler                        
00000ef7  Default_Handler                         
00000ef7  EUSCIA0_IRQHandler                      
00000ef7  EUSCIA1_IRQHandler                      
00000ef7  EUSCIA2_IRQHandler                      
00000ef7  EUSCIA3_IRQHandler                      
00000ef7  EUSCIB0_IRQHandler                      
00000ef7  EUSCIB1_IRQHandler                      
00000ef7  EUSCIB2_IRQHandler                      
00000ef7  EUSCIB3_IRQHandler                      
00000ef7  FLCTL_IRQHandler                        
00000ef7  FPU_IRQHandler                          
00000ef7  HardFault_Handler                       
00000ef7  MemManage_Handler                       
00000ef7  NMI_Handler                             
00000ef7  PCM_IRQHandler                          
00000ef7  PORT1_IRQHandler                        
00000ef7  PORT2_IRQHandler                        
00000ef7  PORT3_IRQHandler                        
00000ef7  PORT4_IRQHandler                        
00000ef7  PORT6_IRQHandler                        
00000ef7  PSS_IRQHandler                          
00000ef7  PendSV_Handler                          
00000ef7  RTC_C_IRQHandler                        
00000ef7  SVC_Handler                             
00000ef7  SysTick_Handler                         
00000ef7  T32_INT2_IRQHandler                     
00000ef7  T32_INTC_IRQHandler                     
00000ef7  TA0_0_IRQHandler                        
00000ef7  TA0_N_IRQHandler                        
00000ef7  TA1_N_IRQHandler                        
00000ef7  TA2_0_IRQHandler                        
00000ef7  TA2_N_IRQHandler                        
00000ef7  TA3_0_IRQHandler                        
00000ef7  TA3_N_IRQHandler                        
00000ef7  UsageFault_Handler                      
00000ef7  WDT_A_IRQHandler                        
00000ef9  _system_pre_init                        
00000efd  C$$EXIT                                 
00000efd  abort                                   
00000f20  __TI_Handler_Table_Base                 
00000f2c  __TI_Handler_Table_Limit                
00000f38  __TI_CINIT_Base                         
00000f48  __TI_CINIT_Limit                        
20000048  SystemCoreClock                         
2000fe00  __stack                                 
20010000  __STACK_END                             
4000480c  WDTCTL_SYM                              
ffffffff  __TI_pprof_out_hndl                     
ffffffff  __TI_prof_data_size                     
ffffffff  __TI_prof_data_start                    
ffffffff  __binit__                               
ffffffff  __c_args__                              
ffffffff  binit                                   
UNDEFED   __mpu_init                              
UNDEFED   _system_post_cinit                      

[110 symbols]
